[2026-06-05 01:58:11.487 WRN] Entity 'SecurityProfile' has a global query filter defined and is the required end of a relationship with the entity 'SecurityProfilePermission'. This may lead to unexpected results when the required entity is filtered out. Either configure the navigation as optional, or define matching query filters for both entities in the navigation. See https://go.microsoft.com/fwlink/?linkid=2131316 for more information. {"EventId":{"Id":10622,"Name":"Microsoft.EntityFrameworkCore.Model.Validation.PossibleIncorrectRequiredNavigationWithQueryFilterInteractionWarning"},"SourceContext":"Microsoft.EntityFrameworkCore.Model.Validation","Application":"GNDJ"}
[2026-06-05 01:58:17.193 INF] Now listening on: http://localhost:5000 {"EventId":{"Id":14,"Name":"ListeningOnAddress"},"SourceContext":"Microsoft.Hosting.Lifetime","Application":"GNDJ"}
[2026-06-05 01:58:17.195 INF] Application started. Press Ctrl+C to shut down. {"SourceContext":"Microsoft.Hosting.Lifetime","Application":"GNDJ"}
[2026-06-05 01:58:17.195 INF] Hosting environment: Development {"SourceContext":"Microsoft.Hosting.Lifetime","Application":"GNDJ"}
[2026-06-05 01:58:17.195 INF] Content root path: C:\Users\Administrator\Documents\coding\GNDJ_Gestion_Groupe\src\GNDJ.Api {"SourceContext":"Microsoft.Hosting.Lifetime","Application":"GNDJ"}
[2026-06-05 01:59:59.786 INF] HTTP POST /api/v1/auth/login responded 200 in 2704.459ms {"RemoteIP":"::1","SourceContext":"Serilog.AspNetCore.RequestLoggingMiddleware","RequestId":"0HNM2HJ2138KE:00000001","ConnectionId":"0HNM2HJ2138KE","Application":"GNDJ"}
[2026-06-05 02:00:01.630 INF] HTTP POST /api/v1/auth/login responded 200 in 1572.297ms {"RemoteIP":"::1","SourceContext":"Serilog.AspNetCore.RequestLoggingMiddleware","RequestId":"0HNM2HJ2138KF:00000001","ConnectionId":"0HNM2HJ2138KF","Application":"GNDJ"}
[2026-06-05 02:00:01.990 INF] HTTP GET /api/v1/members responded 200 in 183.012ms {"UserId":"019e8565-f667-73b4-8206-962efff277b3","MemberId":"019e8565-f603-7dde-a44b-5200ad00dc54","RemoteIP":"::1","SourceContext":"Serilog.AspNetCore.RequestLoggingMiddleware","ActionId":"6efe2468-d27a-4725-94a0-8da7d799d0e7","ActionName":"GNDJ.Api.Controllers.MembersController.GetAll (GNDJ.Api)","RequestId":"0HNM2HJ2138KG:00000001","ConnectionId":"0HNM2HJ2138KG","Application":"GNDJ"}
[2026-06-05 02:00:02.827 INF] HTTP POST /api/v1/auth/login responded 200 in 722.491ms {"RemoteIP":"::1","SourceContext":"Serilog.AspNetCore.RequestLoggingMiddleware","RequestId":"0HNM2HJ2138KH:00000001","ConnectionId":"0HNM2HJ2138KH","Application":"GNDJ"}
[2026-06-05 02:04:02.509 INF] HTTP POST /api/v1/auth/login responded 200 in 1013.787ms {"RemoteIP":"::1","SourceContext":"Serilog.AspNetCore.RequestLoggingMiddleware","RequestId":"0HNM2HJ2138KJ:00000001","ConnectionId":"0HNM2HJ2138KJ","Application":"GNDJ"}
[2026-06-05 02:04:04.504 INF] HTTP POST /api/v1/auth/login responded 200 in 1762.858ms {"RemoteIP":"::1","SourceContext":"Serilog.AspNetCore.RequestLoggingMiddleware","RequestId":"0HNM2HJ2138KK:00000001","ConnectionId":"0HNM2HJ2138KK","Application":"GNDJ"}
[2026-06-05 02:04:04.623 ERR] HTTP GET /api/v1/dashboard/admin responded 500 in 22.612ms {"UserId":"85e83ec1-16f0-4c9b-be8d-5405fb288d59","MemberId":"e1000000-0000-0000-0000-000000000031","RemoteIP":"::1","SourceContext":"Serilog.AspNetCore.RequestLoggingMiddleware","ActionId":"6793ff55-1bf3-4623-be37-1caa3bfa02fc","ActionName":"GNDJ.Api.Controllers.DashboardController.GetAdminDashboard (GNDJ.Api)","RequestId":"0HNM2HJ2138KL:00000001","ConnectionId":"0HNM2HJ2138KL","Application":"GNDJ"}
System.UnauthorizedAccessException: Attempted to perform an unauthorized operation.
   at GNDJ.Application.Dashboard.GetAdminDashboardQueryHandler.Handle(GetAdminDashboardQuery request, CancellationToken cancellationToken) in C:\Users\Administrator\Documents\coding\GNDJ_Gestion_Groupe\src\GNDJ.Application\Dashboard\DashboardHandlers.cs:line 151
   at GNDJ.Application.Common.Behaviors.ValidationBehavior`2.Handle(TMessage message, MessageHandlerDelegate`2 next, CancellationToken cancellationToken) in C:\Users\Administrator\Documents\coding\GNDJ_Gestion_Groupe\src\GNDJ.Application\Common\Behaviors\ValidationBehavior.cs:line 22
   at GNDJ.Api.Controllers.DashboardController.GetAdminDashboard(String schoolYear) in C:\Users\Administrator\Documents\coding\GNDJ_Gestion_Groupe\src\GNDJ.Api\Controllers\DashboardController.cs:line 21
   at Microsoft.AspNetCore.Mvc.Infrastructure.ActionMethodExecutor.TaskOfIActionResultExecutor.Execute(ActionContext actionContext, IActionResultTypeMapper mapper, ObjectMethodExecutor executor, Object controller, Object[] arguments)
   at Microsoft.AspNetCore.Mvc.Infrastructure.ControllerActionInvoker.<InvokeActionMethodAsync>g__Awaited|12_0(ControllerActionInvoker invoker, ValueTask`1 actionResultValueTask)
   at Microsoft.AspNetCore.Mvc.Infrastructure.ControllerActionInvoker.<InvokeNextActionFilterAsync>g__Awaited|10_0(ControllerActionInvoker invoker, Task lastTask, State next, Scope scope, Object state, Boolean isCompleted)
   at Microsoft.AspNetCore.Mvc.Infrastructure.ControllerActionInvoker.Rethrow(ActionExecutedContextSealed context)
   at Microsoft.AspNetCore.Mvc.Infrastructure.ControllerActionInvoker.Next(State& next, Scope& scope, Object& state, Boolean& isCompleted)
   at Microsoft.AspNetCore.Mvc.Infrastructure.ControllerActionInvoker.InvokeInnerFilterAsync()
--- End of stack trace from previous location ---
   at Microsoft.AspNetCore.Mvc.Infrastructure.ResourceInvoker.<InvokeFilterPipelineAsync>g__Awaited|20_0(ResourceInvoker invoker, Task lastTask, State next, Scope scope, Object state, Boolean isCompleted)
   at Microsoft.AspNetCore.Mvc.Infrastructure.ResourceInvoker.<InvokeAsync>g__Awaited|17_0(ResourceInvoker invoker, Task task, IDisposable scope)
   at Microsoft.AspNetCore.Mvc.Infrastructure.ResourceInvoker.<InvokeAsync>g__Awaited|17_0(ResourceInvoker invoker, Task task, IDisposable scope)
   at Serilog.AspNetCore.RequestLoggingMiddleware.Invoke(HttpContext httpContext)
